Last login: Wed Apr  4 17:10:32 on ttys000
Ivans-MBP:~ ivannedelkovski$ ls
AndroidStudioProjects	Events.json		OneDrive		headspace
Applications		Google Drive		Pictures		myApp
Blizzard		Library			Projects		repos
Desktop			Movies			Public
Documents		Music			RiderProjects
Downloads		NetBeansProjects	WIN10
Ivans-MBP:~ ivannedelkovski$ cd desktop
Ivans-MBP:desktop ivannedelkovski$ mkdir lab1
Ivans-MBP:desktop ivannedelkovski$ cd lab1
Ivans-MBP:lab1 ivannedelkovski$ ls
Ivans-MBP:lab1 ivannedelkovski$ touch l1.txt
Ivans-MBP:lab1 ivannedelkovski$ git init
Initialized empty Git repository in /Users/ivannedelkovski/Desktop/lab1/.git/
Ivans-MBP:lab1 ivannedelkovski$ git commit -a -m "Initial Commit"
On branch master

Initial commit

Untracked files:
	l1.txt

nothing added to commit but untracked files present
Ivans-MBP:lab1 ivannedelkovski$ git status
On branch master

No commits yet

Untracked files:
  (use "git add <file>..." to include in what will be committed)

	l1.txt

nothing added to commit but untracked files present (use "git add" to track)
Ivans-MBP:lab1 ivannedelkovski$ git add l1.txt
Ivans-MBP:lab1 ivannedelkovski$ git commit l1.txt -m "Initial commit"
[master (root-commit) 1df5c49] Initial commit
 1 file changed, 1 insertion(+)
 create mode 100644 l1.txt
Ivans-MBP:lab1 ivannedelkovski$ git status
On branch master
Changes not staged for commit:
  (use "git add <file>..." to update what will be committed)
  (use "git checkout -- <file>..." to discard changes in working directory)

	modified:   l1.txt

no changes added to commit (use "git add" and/or "git commit -a")
Ivans-MBP:lab1 ivannedelkovski$ git add l1.txt
Ivans-MBP:lab1 ivannedelkovski$ git commit l1.txt -m "modify l1.txt
> "
[master fe91438] modify l1.txt
 1 file changed, 2 insertions(+), 1 deletion(-)
Ivans-MBP:lab1 ivannedelkovski$ git remote add origin https://github.com/iv40/remoteRepo.gi
Ivans-MBP:lab1 ivannedelkovski$ git remote add origin https://github.com/iv40/remoteRepo.git
fatal: remote origin already exists.
Ivans-MBP:lab1 ivannedelkovski$ git remote remove
usage: git remote remove <name>

Ivans-MBP:lab1 ivannedelkovski$ git remote remove origin
Ivans-MBP:lab1 ivannedelkovski$ git remote add origin https://github.com/iv40/remoteRepo.git
Ivans-MBP:lab1 ivannedelkovski$ git push -u origin master
Counting objects: 6, done.
Delta compression using up to 8 threads.
Compressing objects: 100% (2/2), done.
Writing objects: 100% (6/6), 461 bytes | 461.00 KiB/s, done.
Total 6 (delta 1), reused 0 (delta 0)
remote: Resolving deltas: 100% (1/1), done.
To https://github.com/iv40/remoteRepo.git
 * [new branch]      master -> master
Branch 'master' set up to track remote branch 'master' from 'origin'.
Ivans-MBP:lab1 ivannedelkovski$ git pull
Already up to date.
Ivans-MBP:lab1 ivannedelkovski$ git status
On branch master
Your branch is up to date with 'origin/master'.

Changes not staged for commit:
  (use "git add <file>..." to update what will be committed)
  (use "git checkout -- <file>..." to discard changes in working directory)

	modified:   l1.txt

no changes added to commit (use "git add" and/or "git commit -a")
Ivans-MBP:lab1 ivannedelkovski$ git checkout -- li.txt
error: pathspec 'li.txt' did not match any file(s) known to git.
Ivans-MBP:lab1 ivannedelkovski$ git checkout li.txt
error: pathspec 'li.txt' did not match any file(s) known to git.
Ivans-MBP:lab1 ivannedelkovski$ git checkout -- li.txt
error: pathspec 'li.txt' did not match any file(s) known to git.
Ivans-MBP:lab1 ivannedelkovski$ git checkout -- li.txt..
error: pathspec 'li.txt..' did not match any file(s) known to git.
Ivans-MBP:lab1 ivannedelkovski$ git status
On branch master
Your branch is up to date with 'origin/master'.

Changes not staged for commit:
  (use "git add <file>..." to update what will be committed)
  (use "git checkout -- <file>..." to discard changes in working directory)

	modified:   l1.txt

no changes added to commit (use "git add" and/or "git commit -a")
Ivans-MBP:lab1 ivannedelkovski$ ls
l1.txt
Ivans-MBP:lab1 ivannedelkovski$ git checkout li*
error: pathspec 'li*' did not match any file(s) known to git.
Ivans-MBP:lab1 ivannedelkovski$ git pull
Already up to date.
Ivans-MBP:lab1 ivannedelkovski$ git checkout li.txt
error: pathspec 'li.txt' did not match any file(s) known to git.
Ivans-MBP:lab1 ivannedelkovski$ git checkout master
M	l1.txt
Already on 'master'
Your branch is up to date with 'origin/master'.
Ivans-MBP:lab1 ivannedelkovski$ ls
l1.txt
Ivans-MBP:lab1 ivannedelkovski$ git checkout li.txt
error: pathspec 'li.txt' did not match any file(s) known to git.
Ivans-MBP:lab1 ivannedelkovski$ git checkout -- li.txt
error: pathspec 'li.txt' did not match any file(s) known to git.
Ivans-MBP:lab1 ivannedelkovski$ git checkout -- *
Ivans-MBP:lab1 ivannedelkovski$ git branch logging
Ivans-MBP:lab1 ivannedelkovski$ git checkout logging
Switched to branch 'logging'
Ivans-MBP:lab1 ivannedelkovski$ touch log.txt
Ivans-MBP:lab1 ivannedelkovski$ git log
commit fe9143879fce3fb0f6de9a91baf9f00e3750ff25 (HEAD -> logging, origin/master, master)
Author: Ivan Ned <30935441+iv40@users.noreply.github.com>
Date:   Wed Apr 4 17:22:32 2018 +0200

    modify l1.txt

commit 1df5c49a3c1300fb55bb0c13f08d683a536c6101
Author: Ivan Ned <30935441+iv40@users.noreply.github.com>
Date:   Wed Apr 4 17:22:08 2018 +0200

    Initial commit
Ivans-MBP:lab1 ivannedelkovski$ git status
On branch logging
Untracked files:
  (use "git add <file>..." to include in what will be committed)

	log.txt

nothing added to commit but untracked files present (use "git add" to track)
Ivans-MBP:lab1 ivannedelkovski$ git commit -a -m "logging"
On branch logging
Untracked files:
	log.txt

nothing added to commit but untracked files present
Ivans-MBP:lab1 ivannedelkovski$ git add *
Ivans-MBP:lab1 ivannedelkovski$ git commit * -m "logging"
[logging 9ba1a29] logging
 1 file changed, 11 insertions(+)
 create mode 100644 log.txt
Ivans-MBP:lab1 ivannedelkovski$ git push
fatal: The current branch logging has no upstream branch.
To push the current branch and set the remote as upstream, use

    git push --set-upstream origin logging

Ivans-MBP:lab1 ivannedelkovski$ git push origin logging
Counting objects: 3, done.
Delta compression using up to 8 threads.
Compressing objects: 100% (3/3), done.
Writing objects: 100% (3/3), 502 bytes | 502.00 KiB/s, done.
Total 3 (delta 0), reused 0 (delta 0)
To https://github.com/iv40/remoteRepo.git
 * [new branch]      logging -> logging
Ivans-MBP:lab1 ivannedelkovski$ git merge master
Already up to date.
Ivans-MBP:lab1 ivannedelkovski$ git checkout master
Switched to branch 'master'
Your branch is up to date with 'origin/master'.
Ivans-MBP:lab1 ivannedelkovski$ git merge logging
Updating fe91438..9ba1a29
Fast-forward
 log.txt | 11 +++++++++++
 1 file changed, 11 insertions(+)
 create mode 100644 log.txt
Ivans-MBP:lab1 ivannedelkovski$ git push
Total 0 (delta 0), reused 0 (delta 0)
To https://github.com/iv40/remoteRepo.git
   fe91438..9ba1a29  master -> master
Ivans-MBP:lab1 ivannedelkovski$ git status
On branch master
Your branch is up to date with 'origin/master'.

nothing to commit, working tree clean
Ivans-MBP:lab1 ivannedelkovski$ git pull
Already up to date.
Ivans-MBP:lab1 ivannedelkovski$ git branch allcomands
Ivans-MBP:lab1 ivannedelkovski$ git checkout allcomands
Switched to branch 'allcomands'
Ivans-MBP:lab1 ivannedelkovski$ touch commands.txt
Ivans-MBP:lab1 ivannedelkovski$ 
